[00:04:41] [INFO] VikingoController::ver
[00:04:41] [INFO] SQL: SELECT * FROM guerreros
[00:06:52] [INFO] VikingoController::ver
[00:06:52] [INFO] SQL: SELECT * FROM guerreros
[00:27:07] [INFO] VikingoController::ver
[00:27:07] [INFO] SQL: SELECT * FROM guerreros
[00:27:14] [INFO] VikingoController::editar - id=23
[00:27:14] [INFO] SQL: SELECT * FROM guerreros WHERE id = ? [23]
[00:27:16] [INFO] VikingoController::procesarEditar - id=23 nombre=Aslaugasdas
[00:27:16] [INFO] SQL: UPDATE guerreros SET nombre = ?, apodo = ?, clan = ?, fuerza = ? WHERE id = ? [Aslaugasdas, La Reina, Volsung, 82, 23]
[00:27:16] [INFO] VikingoController::ver
[00:27:16] [INFO] SQL: SELECT * FROM guerreros
[00:27:20] [INFO] VikingoController::eliminar - id=26
[00:27:20] [INFO] SQL: DELETE FROM guerreros WHERE id = ? [26]
[00:27:20] [INFO] VikingoController::ver
[00:27:20] [INFO] SQL: SELECT * FROM guerreros
[00:27:50] [INFO] VikingoController::ver
[00:27:50] [INFO] SQL: SELECT * FROM guerreros
[00:27:52] [INFO] VikingoController::ver
[00:27:52] [INFO] SQL: SELECT * FROM guerreros
[00:28:10] [INFO] VikingoController::ver
[00:28:10] [INFO] SQL: SELECT * FROM guerreros
[00:28:12] [INFO] VikingoController::alta (form)
[00:28:19] [INFO] VikingoController::procesarAlta - nombre=sdasd
[00:28:19] [INFO] SQL: INSERT INTO guerreros (nombre, apodo, clan, fuerza) VALUES (?, ?, ?, ?) [sdasd, asdasd, Volsung, 50]
[00:28:20] [INFO] VikingoController::ver
[00:28:20] [INFO] SQL: SELECT * FROM guerreros
[00:28:24] [INFO] VikingoController::editar - id=24
[00:28:24] [INFO] SQL: SELECT * FROM guerreros WHERE id = ? [24]
[00:28:25] [INFO] VikingoController::procesarEditar - id=24 nombre=Harald
[00:28:25] [INFO] SQL: UPDATE guerreros SET nombre = ?, apodo = ?, clan = ?, fuerza = ? WHERE id = ? [Harald, Cabellera Hermosa, Noruegawewe, 94, 24]
[00:28:25] [INFO] VikingoController::ver
[00:28:25] [INFO] SQL: SELECT * FROM guerreros
[01:13:33] [INFO] VikingoController::alta (form)
[01:13:48] [INFO] VikingoController::procesarAlta - nombre=fwef
[01:13:48] [INFO] SQL: INSERT INTO guerreros (nombre, apodo, clan, fuerza) VALUES (?, ?, ?, ?) [fwef, wefwef, wefwef, 10]
[01:13:48] [INFO] VikingoController::ver
[01:13:48] [INFO] SQL: SELECT * FROM guerreros
